../Core/Src/imu.c:23:6:HMC5883L_initialize	8	static
../Core/Src/imu.c:42:6:HMC5883L_testConnection	16	static
../Core/Src/imu.c:58:9:HMC5883L_getSampleAveraging	16	static
../Core/Src/imu.c:68:6:HMC5883L_setSampleAveraging	24	static
../Core/Src/imu.c:94:9:HMC5883L_getDataRate	16	static
../Core/Src/imu.c:106:6:HMC5883L_setDataRate	24	static
../Core/Src/imu.c:116:9:HMC5883L_getMeasurementBias	16	static
../Core/Src/imu.c:127:6:HMC5883L_setMeasurementBias	24	static
../Core/Src/imu.c:156:9:HMC5883L_getGain	16	static
../Core/Src/imu.c:167:6:HMC5883L_setGain	16	static
../Core/Src/imu.c:198:9:HMC5883L_getMode	16	static
../Core/Src/imu.c:212:6:HMC5883L_setMode	16	static
../Core/Src/imu.c:233:6:HMC5883L_getHeading	32	static
../Core/Src/imu.c:244:9:HMC5883L_getHeadingX	16	static
../Core/Src/imu.c:255:9:HMC5883L_getHeadingY	16	static
../Core/Src/imu.c:266:9:HMC5883L_getHeadingZ	16	static
../Core/Src/imu.c:287:6:HMC5883L_getLockStatus	16	static
../Core/Src/imu.c:301:6:HMC5883L_getReadyStatus	16	static
../Core/Src/imu.c:311:9:HMC5883L_getIDA	8	static
../Core/Src/imu.c:318:9:HMC5883L_getIDB	8	static
../Core/Src/imu.c:325:9:HMC5883L_getIDC	8	static
