../Core/Src/main.cpp:135:5:int main()	16	static
../Core/Src/main.cpp:264:6:void SystemClock_Config()	120	static
../Core/Src/main.cpp:322:6:void PeriphCommonClock_Config()	200	static
../Core/Src/main.cpp:349:13:void MX_ADC1_Init()	48	static
../Core/Src/main.cpp:417:13:void MX_ADC2_Init()	40	static
../Core/Src/main.cpp:476:13:void MX_TIM1_Init()	40	static
../Core/Src/main.cpp:523:13:void MX_TIM2_Init()	64	static
../Core/Src/main.cpp:582:13:void MX_TIM3_Init()	64	static
../Core/Src/main.cpp:641:13:void MX_TIM4_Init()	56	static
../Core/Src/main.cpp:690:13:void MX_TIM8_Init()	56	static
../Core/Src/main.cpp:741:13:void MX_USART3_UART_Init()	8	static
../Core/Src/main.cpp:789:13:void MX_USB_OTG_FS_PCD_Init()	8	static
../Core/Src/main.cpp:823:13:void MX_DMA_Init()	16	static
../Core/Src/main.cpp:844:13:void MX_GPIO_Init()	56	static
../Core/Src/main.cpp:893:6:void StartDefaultTask(void*)	16	static
../Core/Src/main.cpp:911:6:void StartJoystick(void*)	120	static
../Core/Src/main.cpp:938:6:void StartChassis(void*)	240	static
../Core/Src/main.cpp:990:6:void HAL_TIM_PeriodElapsedCallback(TIM_HandleTypeDef*)	16	static
../Core/Src/main.cpp:1007:6:void Error_Handler()	4	static,ignoring_inline_asm
