../Core/Src/main.c:117:5:main	16	static
../Core/Src/main.c:239:6:SystemClock_Config	120	static
../Core/Src/main.c:297:6:PeriphCommonClock_Config	200	static
../Core/Src/main.c:324:13:MX_ADC1_Init	48	static
../Core/Src/main.c:392:13:MX_ADC2_Init	40	static
../Core/Src/main.c:451:13:MX_TIM1_Init	40	static
../Core/Src/main.c:498:13:MX_TIM2_Init	64	static
../Core/Src/main.c:557:13:MX_TIM3_Init	64	static
../Core/Src/main.c:616:13:MX_TIM4_Init	56	static
../Core/Src/main.c:665:13:MX_TIM8_Init	56	static
../Core/Src/main.c:716:13:MX_USART3_UART_Init	8	static
../Core/Src/main.c:764:13:MX_USB_OTG_FS_PCD_Init	8	static
../Core/Src/main.c:798:13:MX_DMA_Init	16	static
../Core/Src/main.c:819:13:MX_GPIO_Init	56	static
../Core/Src/main.c:868:6:StartDefaultTask	16	static
../Core/Src/main.c:886:6:StartJoystick	32	static
../Core/Src/main.c:928:6:HAL_TIM_PeriodElapsedCallback	16	static
../Core/Src/main.c:945:6:Error_Handler	4	static,ignoring_inline_asm
