../Core/Src/main.c:123:5:main	16	static
../Core/Src/main.c:239:6:SystemClock_Config	120	static
../Core/Src/main.c:298:13:MX_ETH_Init	8	static
../Core/Src/main.c:347:13:MX_USART3_UART_Init	8	static
../Core/Src/main.c:395:13:MX_USB_OTG_FS_PCD_Init	8	static
../Core/Src/main.c:431:13:MX_GPIO_Init	56	static
../Core/Src/main.c:486:6:StartDefaultTask	16	static
../Core/Src/main.c:504:6:StartkeyPadTask	72	static
../Core/Src/main.c:649:6:HAL_TIM_PeriodElapsedCallback	16	static
../Core/Src/main.c:666:6:Error_Handler	4	static,ignoring_inline_asm
