../Core/Src/main.c:107:5:main	32	static
../Core/Src/main.c:209:6:SystemClock_Config	120	static
../Core/Src/main.c:267:6:PeriphCommonClock_Config	200	static
../Core/Src/main.c:294:13:MX_ADC1_Init	48	static
../Core/Src/main.c:362:13:MX_ADC2_Init	40	static
../Core/Src/main.c:421:13:MX_ETH_Init	8	static
../Core/Src/main.c:470:13:MX_USART3_UART_Init	8	static
../Core/Src/main.c:518:13:MX_USB_OTG_FS_PCD_Init	8	static
../Core/Src/main.c:554:13:MX_GPIO_Init	32	static
../Core/Src/main.c:579:6:Error_Handler	4	static,ignoring_inline_asm
