../Core/Src/main.c:107:5:main	32	static
../Core/Src/main.c:216:6:SystemClock_Config	120	static
../Core/Src/main.c:274:6:PeriphCommonClock_Config	200	static
../Core/Src/main.c:301:13:MX_ADC1_Init	48	static
../Core/Src/main.c:369:13:MX_ADC2_Init	40	static
../Core/Src/main.c:428:13:MX_ETH_Init	8	static
../Core/Src/main.c:477:13:MX_USART3_UART_Init	8	static
../Core/Src/main.c:525:13:MX_USB_OTG_FS_PCD_Init	8	static
../Core/Src/main.c:561:13:MX_GPIO_Init	32	static
../Core/Src/main.c:586:6:Error_Handler	4	static,ignoring_inline_asm
