../Core/Src/main.c:120:5:main	24	static
../Core/Src/main.c:247:6:SystemClock_Config	120	static
../Core/Src/main.c:306:13:MX_ETH_Init	8	static
../Core/Src/main.c:355:13:MX_I2C1_Init	8	static
../Core/Src/main.c:403:13:MX_USART2_UART_Init	8	static
../Core/Src/main.c:451:13:MX_USB_OTG_FS_PCD_Init	8	static
../Core/Src/main.c:487:13:MX_GPIO_Init	32	static
../Core/Src/main.c:515:6:StartDefaultTask	16	static
../Core/Src/main.c:533:6:startLCD	16	static
../Core/Src/main.c:554:6:Error_Handler	4	static,ignoring_inline_asm
