../Core/Src/main.c:105:6:HCSR04_Read	8	static
../Core/Src/main.c:116:6:HAL_TIM_IC_CaptureCallback	16	static
../Core/Src/main.c:158:5:main	16	static
../Core/Src/main.c:241:6:SystemClock_Config	120	static
../Core/Src/main.c:304:13:MX_ETH_Init	8	static
../Core/Src/main.c:353:13:MX_TIM2_Init	56	static
../Core/Src/main.c:411:13:MX_USART3_UART_Init	8	static
../Core/Src/main.c:459:13:MX_USB_OTG_FS_PCD_Init	8	static
../Core/Src/main.c:495:13:MX_GPIO_Init	56	static
../Core/Src/main.c:526:6:Error_Handler	4	static,ignoring_inline_asm
