../Core/Src/main.c:131:6:HCSR04_Read	8	static
../Core/Src/main.c:142:6:HAL_TIM_IC_CaptureCallback	16	static
../Core/Src/main.c:185:5:main	16	static
../Core/Src/main.c:309:6:SystemClock_Config	128	static
../Core/Src/main.c:373:13:MX_ETH_Init	8	static
../Core/Src/main.c:422:13:MX_TIM2_Init	56	static
../Core/Src/main.c:480:13:MX_USART3_UART_Init	8	static
../Core/Src/main.c:528:13:MX_USB_OTG_FS_PCD_Init	8	static
../Core/Src/main.c:564:13:MX_GPIO_Init	56	static
../Core/Src/main.c:603:6:StartDefaultTask	16	static
../Core/Src/main.c:621:6:StartTaskUltrasonic	16	static
../Core/Src/main.c:645:6:StartTaskLed	16	static
../Core/Src/main.c:664:6:HAL_TIM_PeriodElapsedCallback	16	static
../Core/Src/main.c:681:6:Error_Handler	4	static,ignoring_inline_asm
