12:25:43 **** Incremental Build of configuration Debug for project chassis_movement_joystick_CM7 ****
make -j8 all 
arm-none-eabi-size   chassis_movement_joystick_CM7.elf 
   text	   data	    bss	    dec	    hex	filename
  55976	    104	   4304	  60384	   ebe0	chassis_movement_joystick_CM7.elf
Finished building: default.size.stdout
 
12:27:44 **** Incremental Build of configuration Debug for project chassis_movement_joystick_CM7 ****
make -j8 all 
arm-none-eabi-size   chassis_movement_joystick_CM7.elf 
   text	   data	    bss	    dec	    hex	filename
  55976	    104	   4304	  60384	   ebe0	chassis_movement_joystick_CM7.elf
Finished building: default.size.stdout
 
12:28:36 **** Incremental Build of configuration Debug for project chassis_movement_joystick_CM7 ****
make -j8 all 
arm-none-eabi-g++ -o "chassis_movement_joystick_CM7.elf" @"objects.list"   -mcpu=cortex-m7 -T"C:\Users\serfa\Documents\1School\baseProjects\chassis_movement_joystick\CM7\STM32H745ZITX_FLASH.ld" --specs=nosys.specs -Wl,-Map="chassis_movement_joystick_CM7.map" -Wl,--gc-sections -static --specs=nano.specs -mfpu=fpv5-d16 -mfloat-abi=hard -mthumb -u _printf_float -u _scanf_float -Wl,--start-group -lc -lm -lstdc++ -lsupc++ -Wl,--end-group
Finished building target: chassis_movement_joystick_CM7.elf
 
arm-none-eabi-size   chassis_movement_joystick_CM7.elf 
arm-none-eabi-objdump -h -S  chassis_movement_joystick_CM7.elf  > "chassis_movement_joystick_CM7.list"
   text	   data	    bss	    dec	    hex	filename
  73776	    480	   4304	  78560	  132e0	chassis_movement_joystick_CM7.elf
Finished building: default.size.stdout
 
Finished building: chassis_movement_joystick_CM7.list
 
